0 verbose cli C:\Program Files\nodejs\node.exe c:\Users\prime\Downloads\Project_App\.eas-home\npm\node_modules\npm\bin\npm-cli.js
1 info using npm@11.12.1
2 info using node@v22.16.0
3 silly config load:file:c:\Users\prime\Downloads\Project_App\.eas-home\npm\node_modules\npm\npmrc
4 silly config load:file:C:\Users\prime\Downloads\Project_App\.npmrc
5 silly config load:file:C:\Users\prime\.npmrc
6 silly config load:file:c:\Users\prime\Downloads\Project_App\.eas-home\npm\etc\npmrc
7 verbose title npm exec git --version
8 verbose argv "exec" "--" "git" "--version"
9 verbose logfile logs-max:10 dir:c:\Users\prime\Downloads\Project_App\.eas-home\npm-cache\_logs\2026-03-27T09_47_41_267Z-
10 verbose logfile c:\Users\prime\Downloads\Project_App\.eas-home\npm-cache\_logs\2026-03-27T09_47_41_267Z-debug-0.log
11 silly logfile done cleaning log files
12 silly packumentCache heap:2087452672 maxSize:521863168 maxEntrySize:260931584
13 http fetch GET 200 https://registry.npmjs.org/git 1656ms (cache miss)
14 verbose stack Error: could not determine executable to run
14 verbose stack     at getBinFromManifest (c:\Users\prime\Downloads\Project_App\.eas-home\npm\node_modules\npm\node_modules\libnpmexec\lib\get-bin-from-manifest.js:17:23)
14 verbose stack     at exec (c:\Users\prime\Downloads\Project_App\.eas-home\npm\node_modules\npm\node_modules\libnpmexec\lib\index.js:211:15)
14 verbose stack     at async Npm.exec (c:\Users\prime\Downloads\Project_App\.eas-home\npm\node_modules\npm\lib\npm.js:193:9)
14 verbose stack     at async module.exports (c:\Users\prime\Downloads\Project_App\.eas-home\npm\node_modules\npm\lib\cli\entry.js:67:5)
15 verbose pkgid git@0.1.5
16 error could not determine executable to run
17 verbose cwd C:\Users\prime\Downloads\Project_App
18 verbose os Windows_NT 10.0.26200
19 verbose node v22.16.0
20 verbose npm  v11.12.1
21 verbose exit 1
22 verbose code 1
23 error A complete log of this run can be found in: c:\Users\prime\Downloads\Project_App\.eas-home\npm-cache\_logs\2026-03-27T09_47_41_267Z-debug-0.log
